
> myhuntclub-frontend@0.0.1 dev
> vite

[33mThe CJS build of Vite's Node API is deprecated. See https://vite.dev/guide/troubleshooting.html#vite-cjs-node-api-deprecated for more details.[39m

  VITE v5.4.21  ready in 175 ms

  ➜  Local:   http://localhost:3000/
  ➜  Network: use --host to expose
5:35:16 PM [vite] hmr update /src/views/Clubs.vue
5:35:16 PM [vite] Internal server error: Invalid end tag.
  Plugin: vite:vue
  File: /home/anon/myhuntclub/frontend/src/views/Clubs.vue:42:7
  40 |            </v-card>
  41 |          </v-dialog>
  42 |        </v-col>
     |         ^
  43 |      </v-row>
  44 |    </v-container>
      at createCompilerError (/home/anon/myhuntclub/frontend/node_modules/@vue/compiler-core/dist/compiler-core.cjs.js:1364:17)
      at emitError (/home/anon/myhuntclub/frontend/node_modules/@vue/compiler-core/dist/compiler-core.cjs.js:2991:5)
      at Object.onclosetag (/home/anon/myhuntclub/frontend/node_modules/@vue/compiler-core/dist/compiler-core.cjs.js:2360:9)
      at Tokenizer.stateInClosingTagName (/home/anon/myhuntclub/frontend/node_modules/@vue/compiler-core/dist/compiler-core.cjs.js:785:16)
      at Tokenizer.parse (/home/anon/myhuntclub/frontend/node_modules/@vue/compiler-core/dist/compiler-core.cjs.js:1143:16)
      at Object.baseParse (/home/anon/myhuntclub/frontend/node_modules/@vue/compiler-core/dist/compiler-core.cjs.js:3030:13)
      at Object.parse (/home/anon/myhuntclub/frontend/node_modules/@vue/compiler-dom/dist/compiler-dom.cjs.js:910:23)
      at Object.parse$1 [as parse] (/home/anon/myhuntclub/frontend/node_modules/@vue/compiler-sfc/dist/compiler-sfc.cjs.js:1801:24)
      at createDescriptor (/home/anon/myhuntclub/frontend/node_modules/@vitejs/plugin-vue/dist/index.cjs:86:43)
      at handleHotUpdate (/home/anon/myhuntclub/frontend/node_modules/@vitejs/plugin-vue/dist/index.cjs:2167:26)
5:35:22 PM [vite] hmr update /src/views/Clubs.vue
5:35:22 PM [vite] Internal server error: Invalid end tag.
  Plugin: vite:vue
  File: /home/anon/myhuntclub/frontend/src/views/Clubs.vue:42:7
  40 |            </v-card>
  41 |          </v-dialog>
  42 |        </v-col>
     |         ^
  43 |      </v-row>
  44 |    </v-container>
      at createCompilerError (/home/anon/myhuntclub/frontend/node_modules/@vue/compiler-core/dist/compiler-core.cjs.js:1364:17)
      at emitError (/home/anon/myhuntclub/frontend/node_modules/@vue/compiler-core/dist/compiler-core.cjs.js:2991:5)
      at Object.onclosetag (/home/anon/myhuntclub/frontend/node_modules/@vue/compiler-core/dist/compiler-core.cjs.js:2360:9)
      at Tokenizer.stateInClosingTagName (/home/anon/myhuntclub/frontend/node_modules/@vue/compiler-core/dist/compiler-core.cjs.js:785:16)
      at Tokenizer.parse (/home/anon/myhuntclub/frontend/node_modules/@vue/compiler-core/dist/compiler-core.cjs.js:1143:16)
      at Object.baseParse (/home/anon/myhuntclub/frontend/node_modules/@vue/compiler-core/dist/compiler-core.cjs.js:3030:13)
      at Object.parse (/home/anon/myhuntclub/frontend/node_modules/@vue/compiler-dom/dist/compiler-dom.cjs.js:910:23)
      at Object.parse$1 [as parse] (/home/anon/myhuntclub/frontend/node_modules/@vue/compiler-sfc/dist/compiler-sfc.cjs.js:1801:24)
      at createDescriptor (/home/anon/myhuntclub/frontend/node_modules/@vitejs/plugin-vue/dist/index.cjs:86:43)
      at handleHotUpdate (/home/anon/myhuntclub/frontend/node_modules/@vitejs/plugin-vue/dist/index.cjs:2167:26)
5:35:50 PM [vite] hmr update /src/views/Clubs.vue
5:36:38 PM [vite] hmr update /src/views/Clubs.vue
5:37:24 PM [vite] hmr update /src/views/Clubs.vue
5:38:01 PM [vite] hmr update /src/views/Account.vue
5:38:35 PM [vite] hmr update /src/views/Account.vue
5:38:40 PM [vite] hmr update /src/views/Property.vue
5:39:46 PM [vite] hmr update /src/views/Clubs.vue
5:41:28 PM [vite] hmr update /src/views/Clubs.vue
5:42:18 PM [vite] page reload index.html
5:42:39 PM [vite] page reload index.html
5:43:40 PM [vite] page reload src/main.js
5:43:41 PM [vite] Pre-transform error: Failed to resolve import "@mdi/font/css/materialdesignicons.css" from "src/main.js". Does the file exist?
5:43:41 PM [vite] Internal server error: Failed to resolve import "@mdi/font/css/materialdesignicons.css" from "src/main.js". Does the file exist?
  Plugin: vite:import-analysis
  File: /home/anon/myhuntclub/frontend/src/main.js:5:9
  3  |  import router from './router'
  4  |  import 'vuetify/styles'
  5  |  import '@mdi/font/css/materialdesignicons.css'
     |          ^
  6  |  import { createVuetify } from 'vuetify'
  7  |  import * as components from 'vuetify/components'
      at TransformPluginContext._formatError (file:///home/anon/myhuntclub/frontend/node_modules/vite/dist/node/chunks/dep-BK3b2jBa.js:49258:41)
      at TransformPluginContext.error (file:///home/anon/myhuntclub/frontend/node_modules/vite/dist/node/chunks/dep-BK3b2jBa.js:49253:16)
      at normalizeUrl (file:///home/anon/myhuntclub/frontend/node_modules/vite/dist/node/chunks/dep-BK3b2jBa.js:64307:23)
      at async file:///home/anon/myhuntclub/frontend/node_modules/vite/dist/node/chunks/dep-BK3b2jBa.js:64439:39
      at async Promise.all (index 4)
      at async TransformPluginContext.transform (file:///home/anon/myhuntclub/frontend/node_modules/vite/dist/node/chunks/dep-BK3b2jBa.js:64366:7)
      at async PluginContainer.transform (file:///home/anon/myhuntclub/frontend/node_modules/vite/dist/node/chunks/dep-BK3b2jBa.js:49099:18)
      at async loadAndTransform (file:///home/anon/myhuntclub/frontend/node_modules/vite/dist/node/chunks/dep-BK3b2jBa.js:51978:27)
      at async viteTransformMiddleware (file:///home/anon/myhuntclub/frontend/node_modules/vite/dist/node/chunks/dep-BK3b2jBa.js:62106:24)
5:43:44 PM [vite] page reload src/main.js
5:43:45 PM [vite] Pre-transform error: Failed to resolve import "@mdi/font/css/materialdesignicons.css" from "src/main.js". Does the file exist?
5:43:45 PM [vite] Internal server error: Failed to resolve import "@mdi/font/css/materialdesignicons.css" from "src/main.js". Does the file exist?
  Plugin: vite:import-analysis
  File: /home/anon/myhuntclub/frontend/src/main.js:5:9
  3  |  import router from './router'
  4  |  import 'vuetify/styles'
  5  |  import '@mdi/font/css/materialdesignicons.css'
     |          ^
  6  |  import { createVuetify } from 'vuetify'
  7  |  import * as components from 'vuetify/components'
      at TransformPluginContext._formatError (file:///home/anon/myhuntclub/frontend/node_modules/vite/dist/node/chunks/dep-BK3b2jBa.js:49258:41)
      at TransformPluginContext.error (file:///home/anon/myhuntclub/frontend/node_modules/vite/dist/node/chunks/dep-BK3b2jBa.js:49253:16)
      at normalizeUrl (file:///home/anon/myhuntclub/frontend/node_modules/vite/dist/node/chunks/dep-BK3b2jBa.js:64307:23)
      at async file:///home/anon/myhuntclub/frontend/node_modules/vite/dist/node/chunks/dep-BK3b2jBa.js:64439:39
      at async Promise.all (index 4)
      at async TransformPluginContext.transform (file:///home/anon/myhuntclub/frontend/node_modules/vite/dist/node/chunks/dep-BK3b2jBa.js:64366:7)
      at async PluginContainer.transform (file:///home/anon/myhuntclub/frontend/node_modules/vite/dist/node/chunks/dep-BK3b2jBa.js:49099:18)
      at async loadAndTransform (file:///home/anon/myhuntclub/frontend/node_modules/vite/dist/node/chunks/dep-BK3b2jBa.js:51978:27)
      at async viteTransformMiddleware (file:///home/anon/myhuntclub/frontend/node_modules/vite/dist/node/chunks/dep-BK3b2jBa.js:62106:24)
5:44:29 PM [vite] hmr update /src/views/Clubs.vue
5:44:47 PM [vite] hmr update /src/views/Clubs.vue
5:47:50 PM [vite] hmr update /src/views/Property.vue
5:47:59 PM [vite] hmr update /src/views/Property.vue
5:51:26 PM [vite] hmr update /src/views/Property.vue
5:51:26 PM [vite] Internal server error: Element is missing end tag.
  Plugin: vite:vue
  File: /home/anon/myhuntclub/frontend/src/views/Property.vue:102:13
  100|          <v-row>
  101|            <v-col>
  102|              <v-card>
     |               ^
  103|          <v-dialog v-model="showStand" width="500">
  104|            <v-card>
      at createCompilerError (/home/anon/myhuntclub/frontend/node_modules/@vue/compiler-core/dist/compiler-core.cjs.js:1364:17)
      at emitError (/home/anon/myhuntclub/frontend/node_modules/@vue/compiler-core/dist/compiler-core.cjs.js:2991:5)
      at Object.onclosetag (/home/anon/myhuntclub/frontend/node_modules/@vue/compiler-core/dist/compiler-core.cjs.js:2350:13)
      at Tokenizer.stateInClosingTagName (/home/anon/myhuntclub/frontend/node_modules/@vue/compiler-core/dist/compiler-core.cjs.js:785:16)
      at Tokenizer.parse (/home/anon/myhuntclub/frontend/node_modules/@vue/compiler-core/dist/compiler-core.cjs.js:1143:16)
      at Object.baseParse (/home/anon/myhuntclub/frontend/node_modules/@vue/compiler-core/dist/compiler-core.cjs.js:3030:13)
      at Object.parse (/home/anon/myhuntclub/frontend/node_modules/@vue/compiler-dom/dist/compiler-dom.cjs.js:910:23)
      at Object.parse$1 [as parse] (/home/anon/myhuntclub/frontend/node_modules/@vue/compiler-sfc/dist/compiler-sfc.cjs.js:1801:24)
      at createDescriptor (/home/anon/myhuntclub/frontend/node_modules/@vitejs/plugin-vue/dist/index.cjs:86:43)
      at handleHotUpdate (/home/anon/myhuntclub/frontend/node_modules/@vitejs/plugin-vue/dist/index.cjs:2167:26)
5:51:31 PM [vite] hmr update /src/views/Property.vue
5:51:31 PM [vite] Internal server error: Element is missing end tag.
  Plugin: vite:vue
  File: /home/anon/myhuntclub/frontend/src/views/Property.vue:102:13
  100|          <v-row>
  101|            <v-col>
  102|              <v-card>
     |               ^
  103|          <v-dialog v-model="showStand" width="500">
  104|            <v-card>
      at createCompilerError (/home/anon/myhuntclub/frontend/node_modules/@vue/compiler-core/dist/compiler-core.cjs.js:1364:17)
      at emitError (/home/anon/myhuntclub/frontend/node_modules/@vue/compiler-core/dist/compiler-core.cjs.js:2991:5)
      at Object.onclosetag (/home/anon/myhuntclub/frontend/node_modules/@vue/compiler-core/dist/compiler-core.cjs.js:2350:13)
      at Tokenizer.stateInClosingTagName (/home/anon/myhuntclub/frontend/node_modules/@vue/compiler-core/dist/compiler-core.cjs.js:785:16)
      at Tokenizer.parse (/home/anon/myhuntclub/frontend/node_modules/@vue/compiler-core/dist/compiler-core.cjs.js:1143:16)
      at Object.baseParse (/home/anon/myhuntclub/frontend/node_modules/@vue/compiler-core/dist/compiler-core.cjs.js:3030:13)
      at Object.parse (/home/anon/myhuntclub/frontend/node_modules/@vue/compiler-dom/dist/compiler-dom.cjs.js:910:23)
      at Object.parse$1 [as parse] (/home/anon/myhuntclub/frontend/node_modules/@vue/compiler-sfc/dist/compiler-sfc.cjs.js:1801:24)
      at createDescriptor (/home/anon/myhuntclub/frontend/node_modules/@vitejs/plugin-vue/dist/index.cjs:86:43)
      at handleHotUpdate (/home/anon/myhuntclub/frontend/node_modules/@vitejs/plugin-vue/dist/index.cjs:2167:26)
5:52:00 PM [vite] hmr update /src/views/Property.vue
5:55:12 PM [vite] hmr update /src/views/Property.vue
5:55:19 PM [vite] hmr update /src/views/Property.vue
5:55:25 PM [vite] hmr update /src/views/Property.vue
6:07:15 PM [vite] http proxy error: /api/me
Error: connect ECONNREFUSED 127.0.0.1:4000
    at TCPConnectWrap.afterConnect [as oncomplete] (node:net:1637:16)
6:07:18 PM [vite] http proxy error: /api/me
Error: connect ECONNREFUSED 127.0.0.1:4000
    at TCPConnectWrap.afterConnect [as oncomplete] (node:net:1637:16)
6:07:36 PM [vite] http proxy error: /api/me
Error: connect ECONNREFUSED 127.0.0.1:4000
    at TCPConnectWrap.afterConnect [as oncomplete] (node:net:1637:16)
6:07:44 PM [vite] http proxy error: /api/me
Error: connect ECONNREFUSED 127.0.0.1:4000
    at TCPConnectWrap.afterConnect [as oncomplete] (node:net:1637:16)
6:09:17 PM [vite] http proxy error: /api/me
Error: connect ECONNREFUSED 127.0.0.1:4000
    at TCPConnectWrap.afterConnect [as oncomplete] (node:net:1637:16)
6:09:44 PM [vite] http proxy error: /api/me
Error: connect ECONNREFUSED 127.0.0.1:4000
    at TCPConnectWrap.afterConnect [as oncomplete] (node:net:1637:16)
6:09:47 PM [vite] http proxy error: /api/me
Error: connect ECONNREFUSED 127.0.0.1:4000
    at TCPConnectWrap.afterConnect [as oncomplete] (node:net:1637:16)
6:09:54 PM [vite] http proxy error: /api/me
Error: connect ECONNREFUSED 127.0.0.1:4000
    at TCPConnectWrap.afterConnect [as oncomplete] (node:net:1637:16)
6:12:54 PM [vite] hmr update /src/views/Account.vue
6:13:00 PM [vite] hmr update /src/views/Account.vue
6:28:13 PM [vite] hmr update /src/views/Account.vue
6:31:58 PM [vite] hmr update /src/views/Account.vue
6:34:55 PM [vite] page reload src/router/index.js
6:35:01 PM [vite] hmr update /src/components/Header.vue
6:35:09 PM [vite] hmr update /src/views/Login.vue
6:35:11 PM [vite] page reload src/router/index.js
6:36:30 PM [vite] page reload src/router/index.js
6:36:35 PM [vite] hmr update /src/components/Header.vue
6:36:55 PM [vite] hmr update /src/views/Home.vue
6:36:57 PM [vite] page reload src/router/index.js
6:37:01 PM [vite] hmr update /src/views/Home.vue
6:37:01 PM [vite] Internal server error: Element is missing end tag.
  Plugin: vite:vue
  File: /home/anon/myhuntclub/frontend/src/views/Home.vue:49:9
  47 |          </v-row>
  48 |  
  49 |          <v-row class="mt-6">
     |           ^
  50 |            <v-col cols="12" md="8">
  51 |              <v-card>
      at createCompilerError (/home/anon/myhuntclub/frontend/node_modules/@vue/compiler-core/dist/compiler-core.cjs.js:1364:17)
      at emitError (/home/anon/myhuntclub/frontend/node_modules/@vue/compiler-core/dist/compiler-core.cjs.js:2991:5)
      at Object.onclosetag (/home/anon/myhuntclub/frontend/node_modules/@vue/compiler-core/dist/compiler-core.cjs.js:2350:13)
      at Tokenizer.stateInClosingTagName (/home/anon/myhuntclub/frontend/node_modules/@vue/compiler-core/dist/compiler-core.cjs.js:785:16)
      at Tokenizer.parse (/home/anon/myhuntclub/frontend/node_modules/@vue/compiler-core/dist/compiler-core.cjs.js:1143:16)
      at Object.baseParse (/home/anon/myhuntclub/frontend/node_modules/@vue/compiler-core/dist/compiler-core.cjs.js:3030:13)
      at Object.parse (/home/anon/myhuntclub/frontend/node_modules/@vue/compiler-dom/dist/compiler-dom.cjs.js:910:23)
      at Object.parse$1 [as parse] (/home/anon/myhuntclub/frontend/node_modules/@vue/compiler-sfc/dist/compiler-sfc.cjs.js:1801:24)
      at createDescriptor (/home/anon/myhuntclub/frontend/node_modules/@vitejs/plugin-vue/dist/index.cjs:86:43)
      at handleHotUpdate (/home/anon/myhuntclub/frontend/node_modules/@vitejs/plugin-vue/dist/index.cjs:2167:26)
6:37:19 PM [vite] hmr update /src/views/Home.vue
6:37:19 PM [vite] Internal server error: Element is missing end tag.
  Plugin: vite:vue
  File: /home/anon/myhuntclub/frontend/src/views/Home.vue:4:7
  2  |    <v-container>
  3  |      <v-row>
  4  |        <v-col cols="12" md="8">
     |         ^
  5  |          <div v-if="!isAuthenticated" class="my-12">
  6  |            <h1>Welcome to My Hunt Club</h1>
      at createCompilerError (/home/anon/myhuntclub/frontend/node_modules/@vue/compiler-core/dist/compiler-core.cjs.js:1364:17)
      at emitError (/home/anon/myhuntclub/frontend/node_modules/@vue/compiler-core/dist/compiler-core.cjs.js:2991:5)
      at Object.onclosetag (/home/anon/myhuntclub/frontend/node_modules/@vue/compiler-core/dist/compiler-core.cjs.js:2350:13)
      at Tokenizer.stateInClosingTagName (/home/anon/myhuntclub/frontend/node_modules/@vue/compiler-core/dist/compiler-core.cjs.js:785:16)
      at Tokenizer.parse (/home/anon/myhuntclub/frontend/node_modules/@vue/compiler-core/dist/compiler-core.cjs.js:1143:16)
      at Object.baseParse (/home/anon/myhuntclub/frontend/node_modules/@vue/compiler-core/dist/compiler-core.cjs.js:3030:13)
      at Object.parse (/home/anon/myhuntclub/frontend/node_modules/@vue/compiler-dom/dist/compiler-dom.cjs.js:910:23)
      at Object.parse$1 [as parse] (/home/anon/myhuntclub/frontend/node_modules/@vue/compiler-sfc/dist/compiler-sfc.cjs.js:1801:24)
      at createDescriptor (/home/anon/myhuntclub/frontend/node_modules/@vitejs/plugin-vue/dist/index.cjs:86:43)
      at handleHotUpdate (/home/anon/myhuntclub/frontend/node_modules/@vitejs/plugin-vue/dist/index.cjs:2167:26)
6:37:26 PM [vite] Pre-transform error: Element is missing end tag.
6:37:26 PM [vite] Internal server error: Element is missing end tag.
  Plugin: vite:vue
  File: /home/anon/myhuntclub/frontend/src/views/Home.vue:4:7
  2  |    <v-container>
  3  |      <v-row>
  4  |        <v-col cols="12" md="8">
     |         ^
  5  |          <div v-if="!isAuthenticated" class="my-12">
  6  |            <h1>Welcome to My Hunt Club</h1>
      at createCompilerError (/home/anon/myhuntclub/frontend/node_modules/@vue/compiler-core/dist/compiler-core.cjs.js:1364:17)
      at emitError (/home/anon/myhuntclub/frontend/node_modules/@vue/compiler-core/dist/compiler-core.cjs.js:2991:5)
      at Object.onclosetag (/home/anon/myhuntclub/frontend/node_modules/@vue/compiler-core/dist/compiler-core.cjs.js:2350:13)
      at Tokenizer.stateInClosingTagName (/home/anon/myhuntclub/frontend/node_modules/@vue/compiler-core/dist/compiler-core.cjs.js:785:16)
      at Tokenizer.parse (/home/anon/myhuntclub/frontend/node_modules/@vue/compiler-core/dist/compiler-core.cjs.js:1143:16)
      at Object.baseParse (/home/anon/myhuntclub/frontend/node_modules/@vue/compiler-core/dist/compiler-core.cjs.js:3030:13)
      at Object.parse (/home/anon/myhuntclub/frontend/node_modules/@vue/compiler-dom/dist/compiler-dom.cjs.js:910:23)
      at Object.parse$1 [as parse] (/home/anon/myhuntclub/frontend/node_modules/@vue/compiler-sfc/dist/compiler-sfc.cjs.js:1801:24)
      at createDescriptor (/home/anon/myhuntclub/frontend/node_modules/@vitejs/plugin-vue/dist/index.cjs:86:43)
      at handleHotUpdate (/home/anon/myhuntclub/frontend/node_modules/@vitejs/plugin-vue/dist/index.cjs:2167:26)
6:37:44 PM [vite] hmr update /src/views/Home.vue
6:39:01 PM [vite] hmr update /src/views/Home.vue
6:39:07 PM [vite] hmr update /src/views/Home.vue?vue&type=style&index=0&scoped=2dc54a20&lang.css
6:39:18 PM [vite] hmr update /src/views/Home.vue
6:40:44 PM [vite] hmr update /src/views/Home.vue?vue&type=style&index=0&scoped=2dc54a20&lang.css
6:41:53 PM [vite] hmr update /src/views/Home.vue
6:41:59 PM [vite] hmr update /src/views/Home.vue?vue&type=style&index=0&scoped=2dc54a20&lang.css
6:42:30 PM [vite] hmr update /src/views/Home.vue
6:43:51 PM [vite] hmr update /src/components/Header.vue?vue&type=style&index=0&scoped=c970699f&lang.css, /src/components/Header.vue
6:43:58 PM [vite] hmr update /src/components/Header.vue?vue&type=style&index=0&scoped=c970699f&lang.css
6:44:08 PM [vite] hmr update /src/components/Header.vue?vue&type=style&index=0&scoped=c970699f&lang.css
6:44:45 PM [vite] hmr update /src/components/Header.vue
6:45:40 PM [vite] hmr update /src/components/Header.vue?vue&type=style&index=1&scoped=c970699f&lang.css
6:46:21 PM [vite] hmr update /src/components/Header.vue
6:47:10 PM [vite] hmr update /src/views/Home.vue
6:47:41 PM [vite] hmr update /src/views/Home.vue?vue&type=style&index=0&scoped=2dc54a20&lang.css
6:48:52 PM [vite] hmr update /src/views/Home.vue?vue&type=style&index=0&scoped=2dc54a20&lang.css
6:49:40 PM [vite] hmr update /src/views/Home.vue?vue&type=style&index=0&scoped=2dc54a20&lang.css
6:50:52 PM [vite] hmr update /src/views/Home.vue
6:50:59 PM [vite] hmr update /src/views/Home.vue?vue&type=style&index=0&scoped=2dc54a20&lang.css
6:54:14 PM [vite] page reload index.html
6:54:22 PM [vite] hmr update /src/components/Header.vue?vue&type=style&index=1&scoped=c970699f&lang.css, /src/components/Header.vue
6:54:35 PM [vite] page reload index.html
6:55:13 PM [vite] page reload index.html
6:55:20 PM [vite] hmr update /src/components/Header.vue
6:55:22 PM [vite] page reload index.html
6:55:25 PM [vite] hmr update /src/components/Header.vue?vue&type=style&index=1&scoped=c970699f&lang.css
6:55:45 PM [vite] hmr update /src/components/Header.vue?vue&type=style&index=1&scoped=c970699f&lang.css, /src/components/Header.vue
6:57:47 PM [vite] hmr update /src/views/Register.vue
6:57:53 PM [vite] hmr update /src/views/Register.vue
6:58:15 PM [vite] hmr update /src/views/Login.vue
6:58:20 PM [vite] hmr update /src/views/Login.vue
6:59:12 PM [vite] page reload src/main.js
6:59:16 PM [vite] page reload src/main.js
6:59:26 PM [vite] hmr update /src/views/Register.vue
6:59:31 PM [vite] hmr update /src/views/Login.vue
6:59:42 PM [vite] hmr update /src/views/Register.vue?vue&type=style&index=0&scoped=c7806062&lang.css
6:59:47 PM [vite] hmr update /src/views/Login.vue?vue&type=style&index=0&scoped=08aaad4e&lang.css
7:01:12 PM [vite] hmr update /src/components/Header.vue
7:01:17 PM [vite] hmr update /src/views/Register.vue?vue&type=style&index=0&scoped=c7806062&lang.css
7:01:22 PM [vite] hmr update /src/views/Login.vue?vue&type=style&index=0&scoped=08aaad4e&lang.css
7:01:27 PM [vite] hmr update /src/views/Home.vue?vue&type=style&index=0&scoped=2dc54a20&lang.css
7:01:47 PM [vite] hmr update /src/views/Login.vue?vue&type=style&index=0&scoped=08aaad4e&lang.css
7:01:52 PM [vite] hmr update /src/views/Register.vue?vue&type=style&index=0&scoped=c7806062&lang.css
7:02:35 PM [vite] hmr update /src/components/Header.vue
7:03:07 PM [vite] hmr update /src/components/Header.vue?vue&type=style&index=1&scoped=c970699f&lang.css
7:03:16 PM [vite] hmr update /src/components/Header.vue?vue&type=style&index=1&scoped=c970699f&lang.css
7:04:29 PM [vite] hmr update /src/components/Header.vue?vue&type=style&index=1&scoped=c970699f&lang.css
7:07:25 PM [vite] hmr update /src/views/Account.vue
7:07:31 PM [vite] hmr update /src/views/Property.vue
7:11:46 PM [vite] hmr update /src/components/CreatePropertyModal.vue
7:11:55 PM [vite] hmr update /src/views/Account.vue
7:12:02 PM [vite] hmr update /src/views/Home.vue
7:12:41 PM [vite] hmr update /src/components/CreatePropertyModal.vue
7:13:39 PM [vite] hmr update /src/views/Account.vue
7:16:56 PM [vite] hmr update /src/views/Account.vue
7:17:01 PM [vite] hmr update /src/views/Account.vue
7:17:09 PM [vite] hmr update /src/views/Account.vue
7:17:29 PM [vite] hmr update /src/views/Account.vue
7:18:09 PM [vite] hmr update /src/views/Account.vue
7:18:15 PM [vite] hmr update /src/views/Account.vue
7:18:22 PM [vite] hmr update /src/views/Account.vue
7:18:30 PM [vite] hmr update /src/views/Account.vue
7:18:49 PM [vite] hmr update /src/views/Account.vue
7:22:11 PM [vite] hmr update /src/views/Account.vue
7:22:18 PM [vite] hmr update /src/views/Account.vue
7:22:24 PM [vite] hmr update /src/views/Account.vue
7:24:15 PM [vite] hmr update /src/views/Clubs.vue
7:34:08 PM [vite] hmr update /src/views/Account.vue
7:34:17 PM [vite] hmr update /src/views/Account.vue
7:34:24 PM [vite] hmr update /src/views/Account.vue
7:38:05 PM [vite] hmr update /src/views/Home.vue
7:52:13 PM [vite] hmr update /src/views/Home.vue
7:52:17 PM [vite] hmr update /src/views/Home.vue
7:52:24 PM [vite] hmr update /src/views/Home.vue
